Vivado Simulator 2018.2
Copyright 1986-1999, 2001-2018 Xilinx, Inc. All Rights Reserved.
Running: D:/soft/Utils/Xilinx/Vivado/2018.2/bin/unwrapped/win64.o/xelab.exe -wto ded24308faca40399ed8e83443c10905 --incr --debug typical --relax --mt 2 -L xil_defaultlib -L secureip --snapshot mux2_tb_behav xil_defaultlib.mux2_tb -log elaborate.log 
Using 2 slave threads.
Starting static elaboration
Completed static elaboration
Starting simulation data flow analysis
Completed simulation data flow analysis
Time Resolution for simulation is 1ps
Compiling package std.standard
Compiling package std.textio
Compiling package ieee.std_logic_1164
Compiling package ieee.numeric_std
Compiling architecture behavioral of entity xil_defaultlib.mux2_beh [mux2_beh_default]
Compiling architecture behavioral of entity xil_defaultlib.inv [inv_default]
Compiling architecture behavioral of entity xil_defaultlib.and2 [and2_default]
Compiling architecture behavioral of entity xil_defaultlib.or2 [or2_default]
Compiling architecture structural of entity xil_defaultlib.mux2_struct [mux2_struct_default]
Compiling architecture behavioral of entity xil_defaultlib.mux2_tb
Built simulation snapshot mux2_tb_behav
